Traceback (most recent call last):
  File "C:\Users\cizai\miniconda3\envs\USTA\Lib\site-packages\jupyter_cache\executors\utils.py", line 58, in single_nb_execution
    executenb(
  File "C:\Users\cizai\miniconda3\envs\USTA\Lib\site-packages\nbclient\client.py", line 1319, in execute
    return NotebookClient(nb=nb, resources=resources, km=km, **kwargs).execute()
           ^^^^^^^^^^^^^^^^^^^^^^^^^^^^^^^^^^^^^^^^^^^^^^^^^^^^^^^^^^^^^^^^^^^^^
  File "C:\Users\cizai\miniconda3\envs\USTA\Lib\site-packages\jupyter_core\utils\__init__.py", line 165, in wrapped
    return loop.run_until_complete(inner)
           ^^^^^^^^^^^^^^^^^^^^^^^^^^^^^^
  File "C:\Users\cizai\miniconda3\envs\USTA\Lib\asyncio\base_events.py", line 654, in run_until_complete
    return future.result()
           ^^^^^^^^^^^^^^^
  File "C:\Users\cizai\miniconda3\envs\USTA\Lib\site-packages\nbclient\client.py", line 709, in async_execute
    await self.async_execute_cell(
  File "C:\Users\cizai\miniconda3\envs\USTA\Lib\site-packages\nbclient\client.py", line 1062, in async_execute_cell
    await self._check_raise_for_error(cell, cell_index, exec_reply)
  File "C:\Users\cizai\miniconda3\envs\USTA\Lib\site-packages\nbclient\client.py", line 918, in _check_raise_for_error
    raise CellExecutionError.from_cell_and_msg(cell, exec_reply_content)
nbclient.exceptions.CellExecutionError: An error occurred while executing the following cell:
------------------
# Importación de librerías necesarias

import numpy as np
import pandas as pd
import matplotlib.pyplot as plt
import seaborn as sns
from scipy import stats
import statsmodels.api as sm
from statsmodels.stats.diagnostic import het_breuschpagan
from scipy.stats import chi2
import sympy as sp
from sympy import symbols, Matrix, log, det, exp, pi, simplify, solve, diff, Eq
from IPython.display import display, Math, Latex
from mpl_toolkits.mplot3d import Axes3D

# Configuración de visualización
plt.style.use('seaborn-v0_8-whitegrid')
sns.set_palette('viridis')
plt.rcParams['figure.figsize'] = [12, 8]
plt.rcParams['font.size'] = 12
np.set_printoptions(precision=4, suppress=True)

# Configuración para reproducibilidad
np.random.seed(42)

------------------


[1;31m---------------------------------------------------------------------------[0m
[1;31mModuleNotFoundError[0m                       Traceback (most recent call last)
Cell [1;32mIn[1], line 11[0m
[0;32m      9[0m [38;5;28;01mfrom[39;00m[38;5;250m [39m[38;5;21;01mstatsmodels[39;00m[38;5;21;01m.[39;00m[38;5;21;01mstats[39;00m[38;5;21;01m.[39;00m[38;5;21;01mdiagnostic[39;00m[38;5;250m [39m[38;5;28;01mimport[39;00m het_breuschpagan
[0;32m     10[0m [38;5;28;01mfrom[39;00m[38;5;250m [39m[38;5;21;01mscipy[39;00m[38;5;21;01m.[39;00m[38;5;21;01mstats[39;00m[38;5;250m [39m[38;5;28;01mimport[39;00m chi2
[1;32m---> 11[0m [38;5;28;01mimport[39;00m[38;5;250m [39m[38;5;21;01msympy[39;00m[38;5;250m [39m[38;5;28;01mas[39;00m[38;5;250m [39m[38;5;21;01msp[39;00m
[0;32m     12[0m [38;5;28;01mfrom[39;00m[38;5;250m [39m[38;5;21;01msympy[39;00m[38;5;250m [39m[38;5;28;01mimport[39;00m symbols, Matrix, log, det, exp, pi, simplify, solve, diff, Eq
[0;32m     13[0m [38;5;28;01mfrom[39;00m[38;5;250m [39m[38;5;21;01mIPython[39;00m[38;5;21;01m.[39;00m[38;5;21;01mdisplay[39;00m[38;5;250m [39m[38;5;28;01mimport[39;00m display, Math, Latex

[1;31mModuleNotFoundError[0m: No module named 'sympy'

