Traceback (most recent call last):
  File "C:\Users\cizai\miniconda3\envs\USTA\Lib\site-packages\jupyter_cache\executors\utils.py", line 58, in single_nb_execution
    executenb(
  File "C:\Users\cizai\miniconda3\envs\USTA\Lib\site-packages\nbclient\client.py", line 1319, in execute
    return NotebookClient(nb=nb, resources=resources, km=km, **kwargs).execute()
           ^^^^^^^^^^^^^^^^^^^^^^^^^^^^^^^^^^^^^^^^^^^^^^^^^^^^^^^^^^^^^^^^^^^^^
  File "C:\Users\cizai\miniconda3\envs\USTA\Lib\site-packages\jupyter_core\utils\__init__.py", line 165, in wrapped
    return loop.run_until_complete(inner)
           ^^^^^^^^^^^^^^^^^^^^^^^^^^^^^^
  File "C:\Users\cizai\miniconda3\envs\USTA\Lib\asyncio\base_events.py", line 654, in run_until_complete
    return future.result()
           ^^^^^^^^^^^^^^^
  File "C:\Users\cizai\miniconda3\envs\USTA\Lib\site-packages\nbclient\client.py", line 709, in async_execute
    await self.async_execute_cell(
  File "C:\Users\cizai\miniconda3\envs\USTA\Lib\site-packages\nbclient\client.py", line 1062, in async_execute_cell
    await self._check_raise_for_error(cell, cell_index, exec_reply)
  File "C:\Users\cizai\miniconda3\envs\USTA\Lib\site-packages\nbclient\client.py", line 918, in _check_raise_for_error
    raise CellExecutionError.from_cell_and_msg(cell, exec_reply_content)
nbclient.exceptions.CellExecutionError: An error occurred while executing the following cell:
------------------
def generar_caso_especifico(caso='dummy_trap', n_observaciones=200, seed=None):
    """
    Genera conjuntos de datos con casos específicos de multicolinealidad.

    Parámetros:
    -----------
    caso : str, default='dummy_trap'
        Tipo de caso específico:
        - 'dummy_trap': trampa de las variables dummy
        - 'serie_temporal': tendencia temporal común
        - 'polinomial': términos polinomiales
        - 'interacciones': términos de interacción
    n_observaciones : int, default=200
        Número de observaciones a generar
    seed : int, opcional
        Semilla para reproducibilidad

    Retorna:
    --------
    tuple
        (X, y) donde X es un DataFrame y y es una Series
    """
    # Establecer semilla si se proporciona
    if seed is not None:
        np.random.seed(seed)

    if caso == 'dummy_trap':
        # Generar categorías aleatorias
        categorias = np.random.choice(['A', 'B', 'C'], size=n_observaciones)

        # Crear variables dummy
        df = pd.DataFrame({
            'Categoría': categorias,
            'X1': np.random.normal(0, 1, n_observaciones),
            'X2': np.random.normal(0, 1, n_observaciones)
        })

        # Convertir a dummies
        df_dummies = pd.get_dummies(df, columns=['Categoría'], prefix='Cat')

        # Añadir intercepto (para demostrar la trampa)
        df_dummies['Intercepto'] = 1.0

        # Generar variable dependiente
        y = 2.0 + 1.5 * df_dummies['X1'] + 0.8 * df_dummies['X2'] +             0.5 * (df['Categoría'] == 'B').astype(float) +             1.0 * (df['Categoría'] == 'C').astype(float) +             np.random.normal(0, 1, n_observaciones)

        # Título del caso
        titulo = "Caso: Trampa de Variables Dummy"
        descripcion = """
        Este caso ilustra la 'trampa de las variables dummy', donde incluir todas las variables dummy 
        para todas las categorías junto con un término constante crea multicolinealidad perfecta.

        En este caso, tenemos una variable categórica con 3 niveles (A, B, C) y hemos creado 
        variables dummy para cada uno, además de incluir una columna de intercepto (constante). 

        La relación lineal es: Cat_A + Cat_B + Cat_C = Intercepto

        Para resolver este problema, típicamente se omite una de las categorías (la categoría de referencia).
        """

    elif caso == 'serie_temporal':
        # Generar tendencia temporal
        tiempo = np.arange(n_observaciones)

        # Variables con tendencia común
        tendencia = 0.1 * tiempo + np.random.normal(0, 1, n_observaciones)
        X1 = tendencia + 0.5 * np.random.normal(0, 1, n_observaciones)
        X2 = tendencia + 0.5 * np.random.normal(0, 1, n_observaciones)
        X3 = 0.7 * tendencia + 0.7 * np.random.normal(0, 1, n_observaciones)

        # DataFrame
        df_dummies = pd.DataFrame({
            'Tiempo': tiempo,
            'X1': X1,
            'X2': X2,
            'X3': X3
        })

        # Generar variable dependiente
        y = 2.0 + 1.5 * X1 + 0.8 * X2 - 0.5 * X3 + np.random.normal(0, 1, n_observaciones)

        # Título del caso
        titulo = "Caso: Multicolinealidad en Series Temporales"
        descripcion = """
        Este caso ilustra la multicolinealidad que surge en datos de series temporales 
        cuando múltiples variables comparten una tendencia temporal común.

        Las variables X1, X2 y X3 están todas basadas en la misma tendencia subyacente,
        lo que crea correlaciones altas entre ellas. Este tipo de multicolinealidad es 
        muy común en datos económicos y financieros.

        Técnicas como la diferenciación pueden ayudar a reducir este tipo de multicolinealidad.
        """

    elif caso == 'polinomial':
        # Variable base
        X1 = np.random.uniform(-3, 3, n_observaciones)

        # Términos polinomiales
        X1_squared = X1**2
        X1_cubed = X1**3

        # Variable adicional
        X2 = np.random.normal(0, 1, n_observaciones)

        # DataFrame
        df_dummies = pd.DataFrame({
            'X1': X1,
            'X1_squared': X1_squared,
            'X1_cubed': X1_cubed,
            'X2': X2
        })

        # Generar variable dependiente (relación cuadrática real)
        y = 1.0 + 0.5 * X1 + 2.0 * X1_squared + 0.0 * X1_cubed + 1.2 * X2 + np.random.normal(0, 1, n_observaciones)

        # Título del caso
        titulo = "Caso: Multicolinealidad con Términos Polinomiales"
        descripcion = """
        Este caso ilustra la multicolinealidad que surge al incluir términos polinomiales
        de la misma variable. X1, X1² y X1³ están correlacionados, especialmente para valores
        grandes de X1.

        Esta multicolinealidad es estructural, ya que es inherente a la especificación del modelo
        y no depende de las características particulares de los datos.

        El centrado de variables (X - media(X)) antes de crear términos polinomiales puede
        ayudar a reducir esta multicolinealidad.
        """

    elif caso == 'interacciones':
        # Variables base
        X1 = np.random.normal(0, 1, n_observaciones)
        X2 = np.random.normal(0, 1, n_observaciones)
        X3 = np.random.normal(0, 1, n_observaciones)

        # Términos de interacción
        X1_X2 = X1 * X2
        X1_X3 = X1 * X3
        X2_X3 = X2 * X3

        # DataFrame
        df_dummies = pd.DataFrame({
            'X1': X1,
            'X2': X2,
            'X3': X3,
            'X1_X2': X1_X2,
            'X1_X3': X1_X3,
            'X2_X3': X2_X3
        })

        # Generar variable dependiente
        y = 1.0 + 0.8 * X1 + 1.2 * X2 + 0.7 * X3 + 1.5 * X1_X2 + 0.0 * X1_X3 + 0.0 * X2_X3 + np.random.normal(0, 1, n_observaciones)

        # Título del caso
        titulo = "Caso: Multicolinealidad con Términos de Interacción"
        descripcion = """
        Este caso ilustra la multicolinealidad que surge al incluir términos de interacción
        entre variables. Las interacciones (X1*X2, X1*X3, X2*X3) están correlacionadas con
        las variables principales y entre sí.

        Esta multicolinealidad es estructural y es común en modelos con interacciones múltiples.

        El centrado de variables antes de crear interacciones y la selección cuidadosa de qué
        interacciones incluir puede ayudar a reducir este problema.
        """

    else:
        raise ValueError("Caso no válido. Opciones: 'dummy_trap', 'serie_temporal', 'polinomial', 'interacciones'")

    # Mostrar información del caso
    print(f"{'='*80}")
    print(f"{titulo}")
    print(f"{'='*80}")
    print(descripcion)

    # Calcular y mostrar diagnósticos de multicolinealidad
    vif_resultado = calcular_vif(df_dummies.drop('Intercepto', axis=1, errors='ignore'))
    numero_condicion, _ = calcular_indices_condicion(df_dummies.drop('Intercepto', axis=1, errors='ignore'))

    print(f"Número de condición: {numero_condicion:.2f}")
    print("Factores de Inflación de Varianza (VIF):")
    print(vif_resultado)

    # Visualizar correlaciones
    visualizar_correlaciones(df_dummies, umbral=0.5)

    return df_dummies, pd.Series(y, name='y')

# Ejemplo de uso: generar y analizar un caso específico de multicolinealidad
np.random.seed(42)

# Generar el caso de la trampa de variables dummy
X_dummy, y_dummy = generar_caso_especifico(caso='dummy_trap', n_observaciones=150, seed=42)

# Intentar ajustar modelo de regresión (debe fallar debido a multicolinealidad perfecta)
try:
    # Intentar ajustar el modelo con todas las dummies
    modelo_dummy = sm.OLS(y_dummy, X_dummy).fit()
    print("Resumen del modelo con todas las dummies (no debería funcionar):")
    print(modelo_dummy.summary().tables[1])
except np.linalg.LinAlgError:
    print("ERROR: No se pudo ajustar el modelo debido a multicolinealidad perfecta (matriz singular)")
    print("Esto es exactamente lo que esperábamos en la trampa de variables dummy.")

    # Intentar de nuevo eliminando una dummy
    X_dummy_corregido = X_dummy.drop('Cat_A', axis=1)
    modelo_dummy_corregido = sm.OLS(y_dummy, X_dummy_corregido).fit()
    print("Resumen del modelo eliminando una dummy (solución estándar):")
    print(modelo_dummy_corregido.summary().tables[1])
------------------

----- stdout -----
================================================================================
Caso: Trampa de Variables Dummy
================================================================================

        Este caso ilustra la 'trampa de las variables dummy', donde incluir todas las variables dummy 
        para todas las categorías junto con un término constante crea multicolinealidad perfecta.

        En este caso, tenemos una variable categórica con 3 niveles (A, B, C) y hemos creado 
        variables dummy para cada uno, además de incluir una columna de intercepto (constante). 

        La relación lineal es: Cat_A + Cat_B + Cat_C = Intercepto

        Para resolver este problema, típicamente se omite una de las categorías (la categoría de referencia).
        
Número de condición: 4671619248409778.00
Factores de Inflación de Varianza (VIF):
  Variable  VIF
0       X1  inf
1       X2  inf
2    Cat_A  inf
3    Cat_B  inf
4    Cat_C  inf
----- stdout -----
Pares de variables con alta correlación:
Cat_C - Cat_A: -0.529
Cat_C - Cat_B: -0.513
------------------

[1;31m---------------------------------------------------------------------------[0m
[1;31mValueError[0m                                Traceback (most recent call last)
Cell [1;32mIn[8], line 199[0m
[0;32m    196[0m [38;5;66;03m# Intentar ajustar modelo de regresión (debe fallar debido a multicolinealidad perfecta)[39;00m
[0;32m    197[0m [38;5;28;01mtry[39;00m:
[0;32m    198[0m     [38;5;66;03m# Intentar ajustar el modelo con todas las dummies[39;00m
[1;32m--> 199[0m     modelo_dummy [38;5;241m=[39m [43msm[49m[38;5;241;43m.[39;49m[43mOLS[49m[43m([49m[43my_dummy[49m[43m,[49m[43m [49m[43mX_dummy[49m[43m)[49m[38;5;241m.[39mfit()
[0;32m    200[0m     [38;5;28mprint[39m([38;5;124m"[39m[38;5;124mResumen del modelo con todas las dummies (no debería funcionar):[39m[38;5;124m"[39m)
[0;32m    201[0m     [38;5;28mprint[39m(modelo_dummy[38;5;241m.[39msummary()[38;5;241m.[39mtables[[38;5;241m1[39m])

File [1;32m~\miniconda3\envs\USTA\Lib\site-packages\statsmodels\regression\linear_model.py:921[0m, in [0;36mOLS.__init__[1;34m(self, endog, exog, missing, hasconst, **kwargs)[0m
[0;32m    918[0m     msg [38;5;241m=[39m ([38;5;124m"[39m[38;5;124mWeights are not supported in OLS and will be ignored[39m[38;5;124m"[39m
[0;32m    919[0m            [38;5;124m"[39m[38;5;124mAn exception will be raised in the next version.[39m[38;5;124m"[39m)
[0;32m    920[0m     warnings[38;5;241m.[39mwarn(msg, ValueWarning)
[1;32m--> 921[0m [38;5;28;43msuper[39;49m[43m([49m[43m)[49m[38;5;241;43m.[39;49m[38;5;21;43m__init__[39;49m[43m([49m[43mendog[49m[43m,[49m[43m [49m[43mexog[49m[43m,[49m[43m [49m[43mmissing[49m[38;5;241;43m=[39;49m[43mmissing[49m[43m,[49m
[0;32m    922[0m [43m                          [49m[43mhasconst[49m[38;5;241;43m=[39;49m[43mhasconst[49m[43m,[49m[43m [49m[38;5;241;43m*[39;49m[38;5;241;43m*[39;49m[43mkwargs[49m[43m)[49m
[0;32m    923[0m [38;5;28;01mif[39;00m [38;5;124m"[39m[38;5;124mweights[39m[38;5;124m"[39m [38;5;129;01min[39;00m [38;5;28mself[39m[38;5;241m.[39m_init_keys:
[0;32m    924[0m     [38;5;28mself[39m[38;5;241m.[39m_init_keys[38;5;241m.[39mremove([38;5;124m"[39m[38;5;124mweights[39m[38;5;124m"[39m)

File [1;32m~\miniconda3\envs\USTA\Lib\site-packages\statsmodels\regression\linear_model.py:746[0m, in [0;36mWLS.__init__[1;34m(self, endog, exog, weights, missing, hasconst, **kwargs)[0m
[0;32m    744[0m [38;5;28;01melse[39;00m:
[0;32m    745[0m     weights [38;5;241m=[39m weights[38;5;241m.[39msqueeze()
[1;32m--> 746[0m [38;5;28;43msuper[39;49m[43m([49m[43m)[49m[38;5;241;43m.[39;49m[38;5;21;43m__init__[39;49m[43m([49m[43mendog[49m[43m,[49m[43m [49m[43mexog[49m[43m,[49m[43m [49m[43mmissing[49m[38;5;241;43m=[39;49m[43mmissing[49m[43m,[49m
[0;32m    747[0m [43m                          [49m[43mweights[49m[38;5;241;43m=[39;49m[43mweights[49m[43m,[49m[43m [49m[43mhasconst[49m[38;5;241;43m=[39;49m[43mhasconst[49m[43m,[49m[43m [49m[38;5;241;43m*[39;49m[38;5;241;43m*[39;49m[43mkwargs[49m[43m)[49m
[0;32m    748[0m nobs [38;5;241m=[39m [38;5;28mself[39m[38;5;241m.[39mexog[38;5;241m.[39mshape[[38;5;241m0[39m]
[0;32m    749[0m weights [38;5;241m=[39m [38;5;28mself[39m[38;5;241m.[39mweights

File [1;32m~\miniconda3\envs\USTA\Lib\site-packages\statsmodels\regression\linear_model.py:200[0m, in [0;36mRegressionModel.__init__[1;34m(self, endog, exog, **kwargs)[0m
[0;32m    199[0m [38;5;28;01mdef[39;00m[38;5;250m [39m[38;5;21m__init__[39m([38;5;28mself[39m, endog, exog, [38;5;241m*[39m[38;5;241m*[39mkwargs):
[1;32m--> 200[0m     [38;5;28;43msuper[39;49m[43m([49m[43m)[49m[38;5;241;43m.[39;49m[38;5;21;43m__init__[39;49m[43m([49m[43mendog[49m[43m,[49m[43m [49m[43mexog[49m[43m,[49m[43m [49m[38;5;241;43m*[39;49m[38;5;241;43m*[39;49m[43mkwargs[49m[43m)[49m
[0;32m    201[0m     [38;5;28mself[39m[38;5;241m.[39mpinv_wexog: Float64Array [38;5;241m|[39m [38;5;28;01mNone[39;00m [38;5;241m=[39m [38;5;28;01mNone[39;00m
[0;32m    202[0m     [38;5;28mself[39m[38;5;241m.[39m_data_attr[38;5;241m.[39mextend([[38;5;124m'[39m[38;5;124mpinv_wexog[39m[38;5;124m'[39m, [38;5;124m'[39m[38;5;124mwendog[39m[38;5;124m'[39m, [38;5;124m'[39m[38;5;124mwexog[39m[38;5;124m'[39m, [38;5;124m'[39m[38;5;124mweights[39m[38;5;124m'[39m])

File [1;32m~\miniconda3\envs\USTA\Lib\site-packages\statsmodels\base\model.py:270[0m, in [0;36mLikelihoodModel.__init__[1;34m(self, endog, exog, **kwargs)[0m
[0;32m    269[0m [38;5;28;01mdef[39;00m[38;5;250m [39m[38;5;21m__init__[39m([38;5;28mself[39m, endog, exog[38;5;241m=[39m[38;5;28;01mNone[39;00m, [38;5;241m*[39m[38;5;241m*[39mkwargs):
[1;32m--> 270[0m     [38;5;28;43msuper[39;49m[43m([49m[43m)[49m[38;5;241;43m.[39;49m[38;5;21;43m__init__[39;49m[43m([49m[43mendog[49m[43m,[49m[43m [49m[43mexog[49m[43m,[49m[43m [49m[38;5;241;43m*[39;49m[38;5;241;43m*[39;49m[43mkwargs[49m[43m)[49m
[0;32m    271[0m     [38;5;28mself[39m[38;5;241m.[39minitialize()

File [1;32m~\miniconda3\envs\USTA\Lib\site-packages\statsmodels\base\model.py:95[0m, in [0;36mModel.__init__[1;34m(self, endog, exog, **kwargs)[0m
[0;32m     93[0m missing [38;5;241m=[39m kwargs[38;5;241m.[39mpop([38;5;124m'[39m[38;5;124mmissing[39m[38;5;124m'[39m, [38;5;124m'[39m[38;5;124mnone[39m[38;5;124m'[39m)
[0;32m     94[0m hasconst [38;5;241m=[39m kwargs[38;5;241m.[39mpop([38;5;124m'[39m[38;5;124mhasconst[39m[38;5;124m'[39m, [38;5;28;01mNone[39;00m)
[1;32m---> 95[0m [38;5;28mself[39m[38;5;241m.[39mdata [38;5;241m=[39m [38;5;28;43mself[39;49m[38;5;241;43m.[39;49m[43m_handle_data[49m[43m([49m[43mendog[49m[43m,[49m[43m [49m[43mexog[49m[43m,[49m[43m [49m[43mmissing[49m[43m,[49m[43m [49m[43mhasconst[49m[43m,[49m
[0;32m     96[0m [43m                              [49m[38;5;241;43m*[39;49m[38;5;241;43m*[39;49m[43mkwargs[49m[43m)[49m
[0;32m     97[0m [38;5;28mself[39m[38;5;241m.[39mk_constant [38;5;241m=[39m [38;5;28mself[39m[38;5;241m.[39mdata[38;5;241m.[39mk_constant
[0;32m     98[0m [38;5;28mself[39m[38;5;241m.[39mexog [38;5;241m=[39m [38;5;28mself[39m[38;5;241m.[39mdata[38;5;241m.[39mexog

File [1;32m~\miniconda3\envs\USTA\Lib\site-packages\statsmodels\base\model.py:135[0m, in [0;36mModel._handle_data[1;34m(self, endog, exog, missing, hasconst, **kwargs)[0m
[0;32m    134[0m [38;5;28;01mdef[39;00m[38;5;250m [39m[38;5;21m_handle_data[39m([38;5;28mself[39m, endog, exog, missing, hasconst, [38;5;241m*[39m[38;5;241m*[39mkwargs):
[1;32m--> 135[0m     data [38;5;241m=[39m [43mhandle_data[49m[43m([49m[43mendog[49m[43m,[49m[43m [49m[43mexog[49m[43m,[49m[43m [49m[43mmissing[49m[43m,[49m[43m [49m[43mhasconst[49m[43m,[49m[43m [49m[38;5;241;43m*[39;49m[38;5;241;43m*[39;49m[43mkwargs[49m[43m)[49m
[0;32m    136[0m     [38;5;66;03m# kwargs arrays could have changed, easier to just attach here[39;00m
[0;32m    137[0m     [38;5;28;01mfor[39;00m key [38;5;129;01min[39;00m kwargs:

File [1;32m~\miniconda3\envs\USTA\Lib\site-packages\statsmodels\base\data.py:675[0m, in [0;36mhandle_data[1;34m(endog, exog, missing, hasconst, **kwargs)[0m
[0;32m    672[0m     exog [38;5;241m=[39m np[38;5;241m.[39masarray(exog)
[0;32m    674[0m klass [38;5;241m=[39m handle_data_class_factory(endog, exog)
[1;32m--> 675[0m [38;5;28;01mreturn[39;00m [43mklass[49m[43m([49m[43mendog[49m[43m,[49m[43m [49m[43mexog[49m[38;5;241;43m=[39;49m[43mexog[49m[43m,[49m[43m [49m[43mmissing[49m[38;5;241;43m=[39;49m[43mmissing[49m[43m,[49m[43m [49m[43mhasconst[49m[38;5;241;43m=[39;49m[43mhasconst[49m[43m,[49m
[0;32m    676[0m [43m             [49m[38;5;241;43m*[39;49m[38;5;241;43m*[39;49m[43mkwargs[49m[43m)[49m

File [1;32m~\miniconda3\envs\USTA\Lib\site-packages\statsmodels\base\data.py:84[0m, in [0;36mModelData.__init__[1;34m(self, endog, exog, missing, hasconst, **kwargs)[0m
[0;32m     82[0m     [38;5;28mself[39m[38;5;241m.[39morig_endog [38;5;241m=[39m endog
[0;32m     83[0m     [38;5;28mself[39m[38;5;241m.[39morig_exog [38;5;241m=[39m exog
[1;32m---> 84[0m     [38;5;28mself[39m[38;5;241m.[39mendog, [38;5;28mself[39m[38;5;241m.[39mexog [38;5;241m=[39m [38;5;28;43mself[39;49m[38;5;241;43m.[39;49m[43m_convert_endog_exog[49m[43m([49m[43mendog[49m[43m,[49m[43m [49m[43mexog[49m[43m)[49m
[0;32m     86[0m [38;5;28mself[39m[38;5;241m.[39mconst_idx [38;5;241m=[39m [38;5;28;01mNone[39;00m
[0;32m     87[0m [38;5;28mself[39m[38;5;241m.[39mk_constant [38;5;241m=[39m [38;5;241m0[39m

File [1;32m~\miniconda3\envs\USTA\Lib\site-packages\statsmodels\base\data.py:509[0m, in [0;36mPandasData._convert_endog_exog[1;34m(self, endog, exog)[0m
[0;32m    507[0m exog [38;5;241m=[39m exog [38;5;28;01mif[39;00m exog [38;5;129;01mis[39;00m [38;5;28;01mNone[39;00m [38;5;28;01melse[39;00m np[38;5;241m.[39masarray(exog)
[0;32m    508[0m [38;5;28;01mif[39;00m endog[38;5;241m.[39mdtype [38;5;241m==[39m [38;5;28mobject[39m [38;5;129;01mor[39;00m exog [38;5;129;01mis[39;00m [38;5;129;01mnot[39;00m [38;5;28;01mNone[39;00m [38;5;129;01mand[39;00m exog[38;5;241m.[39mdtype [38;5;241m==[39m [38;5;28mobject[39m:
[1;32m--> 509[0m     [38;5;28;01mraise[39;00m [38;5;167;01mValueError[39;00m([38;5;124m"[39m[38;5;124mPandas data cast to numpy dtype of object. [39m[38;5;124m"[39m
[0;32m    510[0m                      [38;5;124m"[39m[38;5;124mCheck input data with np.asarray(data).[39m[38;5;124m"[39m)
[0;32m    511[0m [38;5;28;01mreturn[39;00m [38;5;28msuper[39m()[38;5;241m.[39m_convert_endog_exog(endog, exog)

[1;31mValueError[0m: Pandas data cast to numpy dtype of object. Check input data with np.asarray(data).

