Traceback (most recent call last):
  File "/home/isaac-zainea/miniconda3/envs/libros/lib/python3.11/site-packages/jupyter_cache/executors/utils.py", line 58, in single_nb_execution
    executenb(
  File "/home/isaac-zainea/miniconda3/envs/libros/lib/python3.11/site-packages/nbclient/client.py", line 1319, in execute
    return NotebookClient(nb=nb, resources=resources, km=km, **kwargs).execute()
           ^^^^^^^^^^^^^^^^^^^^^^^^^^^^^^^^^^^^^^^^^^^^^^^^^^^^^^^^^^^^^^^^^^^^^
  File "/home/isaac-zainea/miniconda3/envs/libros/lib/python3.11/site-packages/jupyter_core/utils/__init__.py", line 165, in wrapped
    return loop.run_until_complete(inner)
           ^^^^^^^^^^^^^^^^^^^^^^^^^^^^^^
  File "/home/isaac-zainea/miniconda3/envs/libros/lib/python3.11/asyncio/base_events.py", line 654, in run_until_complete
    return future.result()
           ^^^^^^^^^^^^^^^
  File "/home/isaac-zainea/miniconda3/envs/libros/lib/python3.11/site-packages/nbclient/client.py", line 709, in async_execute
    await self.async_execute_cell(
  File "/home/isaac-zainea/miniconda3/envs/libros/lib/python3.11/site-packages/nbclient/client.py", line 1062, in async_execute_cell
    await self._check_raise_for_error(cell, cell_index, exec_reply)
  File "/home/isaac-zainea/miniconda3/envs/libros/lib/python3.11/site-packages/nbclient/client.py", line 918, in _check_raise_for_error
    raise CellExecutionError.from_cell_and_msg(cell, exec_reply_content)
nbclient.exceptions.CellExecutionError: An error occurred while executing the following cell:
------------------
# Importamos las bibliotecas necesarias
import numpy as np
import pandas as pd
import matplotlib.pyplot as plt
from scipy import stats
import seaborn as sns

plt.style.use('seaborn')
sns.set_theme(style="whitegrid")
------------------


[0;31m---------------------------------------------------------------------------[0m
[0;31mFileNotFoundError[0m                         Traceback (most recent call last)
File [0;32m~/miniconda3/envs/libros/lib/python3.11/site-packages/matplotlib/style/core.py:129[0m, in [0;36muse[0;34m(style)[0m
[1;32m    128[0m [38;5;28;01mtry[39;00m:
[0;32m--> 129[0m     style [38;5;241m=[39m [43m_rc_params_in_file[49m[43m([49m[43mstyle[49m[43m)[49m
[1;32m    130[0m [38;5;28;01mexcept[39;00m [38;5;167;01mOSError[39;00m [38;5;28;01mas[39;00m err:

File [0;32m~/miniconda3/envs/libros/lib/python3.11/site-packages/matplotlib/__init__.py:903[0m, in [0;36m_rc_params_in_file[0;34m(fname, transform, fail_on_error)[0m
[1;32m    902[0m rc_temp [38;5;241m=[39m {}
[0;32m--> 903[0m [43m[49m[38;5;28;43;01mwith[39;49;00m[43m [49m[43m_open_file_or_url[49m[43m([49m[43mfname[49m[43m)[49m[43m [49m[38;5;28;43;01mas[39;49;00m[43m [49m[43mfd[49m[43m:[49m
[1;32m    904[0m [43m    [49m[38;5;28;43;01mtry[39;49;00m[43m:[49m

File [0;32m~/miniconda3/envs/libros/lib/python3.11/contextlib.py:137[0m, in [0;36m_GeneratorContextManager.__enter__[0;34m(self)[0m
[1;32m    136[0m [38;5;28;01mtry[39;00m:
[0;32m--> 137[0m     [38;5;28;01mreturn[39;00m [38;5;28mnext[39m([38;5;28mself[39m[38;5;241m.[39mgen)
[1;32m    138[0m [38;5;28;01mexcept[39;00m [38;5;167;01mStopIteration[39;00m:

File [0;32m~/miniconda3/envs/libros/lib/python3.11/site-packages/matplotlib/__init__.py:880[0m, in [0;36m_open_file_or_url[0;34m(fname)[0m
[1;32m    879[0m fname [38;5;241m=[39m os[38;5;241m.[39mpath[38;5;241m.[39mexpanduser(fname)
[0;32m--> 880[0m [38;5;28;01mwith[39;00m [38;5;28mopen[39m(fname, encoding[38;5;241m=[39m[38;5;124m'[39m[38;5;124mutf-8[39m[38;5;124m'[39m) [38;5;28;01mas[39;00m f:
[1;32m    881[0m     [38;5;28;01myield[39;00m f

[0;31mFileNotFoundError[0m: [Errno 2] No such file or directory: 'seaborn'

The above exception was the direct cause of the following exception:

[0;31mOSError[0m                                   Traceback (most recent call last)
Cell [0;32mIn[1], line 8[0m
[1;32m      5[0m [38;5;28;01mfrom[39;00m[38;5;250m [39m[38;5;21;01mscipy[39;00m[38;5;250m [39m[38;5;28;01mimport[39;00m stats
[1;32m      6[0m [38;5;28;01mimport[39;00m[38;5;250m [39m[38;5;21;01mseaborn[39;00m[38;5;250m [39m[38;5;28;01mas[39;00m[38;5;250m [39m[38;5;21;01msns[39;00m
[0;32m----> 8[0m [43mplt[49m[38;5;241;43m.[39;49m[43mstyle[49m[38;5;241;43m.[39;49m[43muse[49m[43m([49m[38;5;124;43m'[39;49m[38;5;124;43mseaborn[39;49m[38;5;124;43m'[39;49m[43m)[49m
[1;32m      9[0m sns[38;5;241m.[39mset_theme(style[38;5;241m=[39m[38;5;124m"[39m[38;5;124mwhitegrid[39m[38;5;124m"[39m)

File [0;32m~/miniconda3/envs/libros/lib/python3.11/site-packages/matplotlib/style/core.py:131[0m, in [0;36muse[0;34m(style)[0m
[1;32m    129[0m         style [38;5;241m=[39m _rc_params_in_file(style)
[1;32m    130[0m     [38;5;28;01mexcept[39;00m [38;5;167;01mOSError[39;00m [38;5;28;01mas[39;00m err:
[0;32m--> 131[0m         [38;5;28;01mraise[39;00m [38;5;167;01mOSError[39;00m(
[1;32m    132[0m             [38;5;124mf[39m[38;5;124m"[39m[38;5;132;01m{[39;00mstyle[38;5;132;01m!r}[39;00m[38;5;124m is not a valid package style, path of style [39m[38;5;124m"[39m
[1;32m    133[0m             [38;5;124mf[39m[38;5;124m"[39m[38;5;124mfile, URL of style file, or library style name (library [39m[38;5;124m"[39m
[1;32m    134[0m             [38;5;124mf[39m[38;5;124m"[39m[38;5;124mstyles are listed in `style.available`)[39m[38;5;124m"[39m) [38;5;28;01mfrom[39;00m[38;5;250m [39m[38;5;21;01merr[39;00m
[1;32m    135[0m filtered [38;5;241m=[39m {}
[1;32m    136[0m [38;5;28;01mfor[39;00m k [38;5;129;01min[39;00m style:  [38;5;66;03m# don't trigger RcParams.__getitem__('backend')[39;00m

[0;31mOSError[0m: 'seaborn' is not a valid package style, path of style file, URL of style file, or library style name (library styles are listed in `style.available`)

